<?xml version='1.0' encoding='UTF-8' standalone='yes' ?><hierarchy rotation="0"><node index="0" text="" resource-id="" class="android.widget.FrameLayout" package="com.f32.fit32" content-desc="" checkable="false" checked="false" clickable="false" enabled="true" focusable="false" focused="false" scrollable="false" long-clickable="false" password="false" selected="false" bounds="[0,0][1080,1776]"><node index="0" text="" resource-id="" class="android.widget.LinearLayout" package="com.f32.fit32" content-desc="" checkable="false" checked="false" clickable="false" enabled="true" focusable="false" focused="false" scrollable="false" long-clickable="false" password="false" selected="false" bounds="[0,0][1080,1776]"><node index="0" text="" resource-id="" class="android.widget.FrameLayout" package="com.f32.fit32" content-desc="" checkable="false" checked="false" clickable="false" enabled="true" focusable="false" focused="false" scrollable="false" long-clickable="false" password="false" selected="false" bounds="[0,0][1080,1776]"><node index="0" text="" resource-id="com.f32.fit32:id/action_bar_root" class="android.widget.LinearLayout" package="com.f32.fit32" content-desc="" checkable="false" checked="false" clickable="false" enabled="true" focusable="false" focused="false" scrollable="false" long-clickable="false" password="false" selected="false" bounds="[0,0][1080,1776]"><node index="0" text="" resource-id="android:id/content" class="android.widget.FrameLayout" package="com.f32.fit32" content-desc="" checkable="false" checked="false" clickable="false" enabled="true" focusable="false" focused="false" scrollable="false" long-clickable="false" password="false" selected="false" bounds="[0,0][1080,1776]"><node index="0" text="" resource-id="" class="android.view.ViewGroup" package="com.f32.fit32" content-desc="" checkable="false" checked="false" clickable="false" enabled="true" focusable="false" focused="false" scrollable="false" long-clickable="false" password="false" selected="false" bounds="[0,0][1080,1776]"><node index="0" text="" resource-id="" class="android.widget.LinearLayout" package="com.f32.fit32" content-desc="" checkable="false" checked="false" clickable="false" enabled="true" focusable="false" focused="false" scrollable="false" long-clickable="false" password="false" selected="false" bounds="[0,72][1080,240]"><node index="0" text="" resource-id="com.f32.fit32:id/toolbar" class="android.view.ViewGroup" package="com.f32.fit32" content-desc="" checkable="false" checked="false" clickable="false" enabled="true" focusable="false" focused="false" scrollable="false" long-clickable="false" password="false" selected="false" bounds="[0,72][1080,240]"><node index="0" text="" resource-id="" class="android.widget.ImageButton" package="com.f32.fit32" content-desc="Navigate up" checkable="false" checked="false" clickable="true" enabled="true" focusable="true" focused="false" scrollable="false" long-clickable="false" password="false" selected="false" bounds="[0,72][168,240]" /><node index="1" text="Help" resource-id="" class="android.widget.TextView" package="com.f32.fit32" content-desc="" checkable="false" checked="false" clickable="false" enabled="true" focusable="false" focused="false" scrollable="false" long-clickable="false" password="false" selected="false" bounds="[180,115][304,196]" /></node></node><node index="1" text="" resource-id="" class="android.widget.ScrollView" package="com.f32.fit32" content-desc="" checkable="false" checked="false" clickable="false" enabled="true" focusable="true" focused="false" scrollable="false" long-clickable="false" password="false" selected="false" bounds="[0,240][1080,1776]"><node index="0" text="" resource-id="com.f32.fit32:id/content_help" class="android.widget.LinearLayout" package="com.f32.fit32" content-desc="" checkable="false" checked="false" clickable="false" enabled="true" focusable="false" focused="false" scrollable="false" long-clickable="false" password="false" selected="false" bounds="[48,288][1032,577]"><node index="0" text="Hint" resource-id="" class="android.widget.Button" package="com.f32.fit32" content-desc="" checkable="false" checked="false" clickable="true" enabled="true" focusable="true" focused="false" scrollable="false" long-clickable="false" password="false" selected="false" bounds="[48,288][1032,432]" /><node index="1" text="" resource-id="" class="android.view.View" package="com.f32.fit32" content-desc="" checkable="false" checked="false" clickable="false" enabled="true" focusable="false" focused="false" scrollable="false" long-clickable="false" password="false" selected="false" bounds="[48,432][1032,433]" /><node index="2" text="My favorite rapper is Smali Biggs" resource-id="" class="android.widget.Button" package="com.f32.fit32" content-desc="" checkable="false" checked="false" clickable="true" enabled="true" focusable="true" focused="false" scrollable="false" long-clickable="false" password="false" selected="false" bounds="[48,433][1032,577]" /></node></node></node></node></node></node></node><node index="1" text="" resource-id="android:id/navigationBarBackground" class="android.view.View" package="com.f32.fit32" content-desc="" checkable="false" checked="false" clickable="false" enabled="true" focusable="false" focused="false" scrollable="false" long-clickable="false" password="false" selected="false" bounds="[0,0][0,0]" /></node></hierarchy>