<?xml version='1.0' encoding='UTF-8' standalone='yes' ?><hierarchy rotation="0"><node index="0" text="" resource-id="" class="android.widget.FrameLayout" package="com.f32.fit32" content-desc="" checkable="false" checked="false" clickable="false" enabled="true" focusable="false" focused="false" scrollable="false" long-clickable="false" password="false" selected="false" bounds="[0,0][1080,1776]"><node index="0" text="" resource-id="" class="android.widget.LinearLayout" package="com.f32.fit32" content-desc="" checkable="false" checked="false" clickable="false" enabled="true" focusable="false" focused="false" scrollable="false" long-clickable="false" password="false" selected="false" bounds="[0,0][1080,1776]"><node index="0" text="" resource-id="" class="android.widget.FrameLayout" package="com.f32.fit32" content-desc="" checkable="false" checked="false" clickable="false" enabled="true" focusable="false" focused="false" scrollable="false" long-clickable="false" password="false" selected="false" bounds="[0,0][1080,1776]"><node index="0" text="" resource-id="com.f32.fit32:id/action_bar_root" class="android.widget.LinearLayout" package="com.f32.fit32" content-desc="" checkable="false" checked="false" clickable="false" enabled="true" focusable="false" focused="false" scrollable="false" long-clickable="false" password="false" selected="false" bounds="[0,0][1080,1776]"><node index="0" text="" resource-id="android:id/content" class="android.widget.FrameLayout" package="com.f32.fit32" content-desc="" checkable="false" checked="false" clickable="false" enabled="true" focusable="false" focused="false" scrollable="false" long-clickable="false" password="false" selected="false" bounds="[0,0][1080,1776]"><node index="0" text="" resource-id="" class="android.view.ViewGroup" package="com.f32.fit32" content-desc="" checkable="false" checked="false" clickable="false" enabled="true" focusable="false" focused="false" scrollable="false" long-clickable="false" password="false" selected="false" bounds="[0,0][1080,1776]"><node index="0" text="" resource-id="" class="android.widget.LinearLayout" package="com.f32.fit32" content-desc="" checkable="false" checked="false" clickable="false" enabled="true" focusable="false" focused="false" scrollable="false" long-clickable="false" password="false" selected="false" bounds="[0,72][1080,240]"><node index="0" text="" resource-id="com.f32.fit32:id/toolbar" class="android.view.ViewGroup" package="com.f32.fit32" content-desc="" checkable="false" checked="false" clickable="false" enabled="true" focusable="false" focused="false" scrollable="false" long-clickable="false" password="false" selected="false" bounds="[0,72][1080,240]"><node index="0" text="Fit32" resource-id="" class="android.widget.TextView" package="com.f32.fit32" content-desc="" checkable="false" checked="false" clickable="false" enabled="true" focusable="false" focused="false" scrollable="false" long-clickable="false" password="false" selected="false" bounds="[48,115][184,196]" /></node></node><node index="1" text="" resource-id="" class="android.widget.ScrollView" package="com.f32.fit32" content-desc="" checkable="false" checked="false" clickable="false" enabled="true" focusable="true" focused="false" scrollable="false" long-clickable="false" password="false" selected="false" bounds="[0,240][1080,1776]"><node index="0" text="" resource-id="com.f32.fit32:id/content_home" class="android.widget.LinearLayout" package="com.f32.fit32" content-desc="" checkable="false" checked="false" clickable="false" enabled="true" focusable="false" focused="false" scrollable="false" long-clickable="false" password="false" selected="false" bounds="[48,288][1032,1466]"><node index="0" text="Programs" resource-id="" class="android.widget.Button" package="com.f32.fit32" content-desc="" checkable="false" checked="false" clickable="true" enabled="true" focusable="true" focused="false" scrollable="false" long-clickable="false" password="false" selected="false" bounds="[48,288][1032,432]" /><node index="1" text="Measurements" resource-id="" class="android.widget.Button" package="com.f32.fit32" content-desc="" checkable="false" checked="false" clickable="true" enabled="true" focusable="true" focused="false" scrollable="false" long-clickable="false" password="false" selected="false" bounds="[48,432][1032,576]" /><node index="2" text="HIIT Timer" resource-id="" class="android.widget.Button" package="com.f32.fit32" content-desc="" checkable="false" checked="false" clickable="true" enabled="true" focusable="true" focused="false" scrollable="false" long-clickable="false" password="false" selected="false" bounds="[48,576][1032,720]" /><node index="3" text="" resource-id="" class="android.view.View" package="com.f32.fit32" content-desc="" checkable="false" checked="false" clickable="false" enabled="true" focusable="false" focused="false" scrollable="false" long-clickable="false" password="false" selected="false" bounds="[48,720][1032,721]" /><node index="4" text="" resource-id="" class="android.view.View" package="com.f32.fit32" content-desc="" checkable="false" checked="false" clickable="false" enabled="true" focusable="false" focused="false" scrollable="false" long-clickable="false" password="false" selected="false" bounds="[48,721][1032,722]" /><node index="5" text="Data Backup" resource-id="" class="android.widget.Button" package="com.f32.fit32" content-desc="" checkable="false" checked="false" clickable="true" enabled="true" focusable="true" focused="false" scrollable="false" long-clickable="false" password="false" selected="false" bounds="[48,722][1032,866]" /><node index="6" text="Data Restore" resource-id="" class="android.widget.Button" package="com.f32.fit32" content-desc="" checkable="false" checked="false" clickable="true" enabled="true" focusable="true" focused="false" scrollable="false" long-clickable="false" password="false" selected="false" bounds="[48,866][1032,1010]" /><node index="7" text="" resource-id="" class="android.view.View" package="com.f32.fit32" content-desc="" checkable="false" checked="false" clickable="false" enabled="true" focusable="false" focused="false" scrollable="false" long-clickable="false" password="false" selected="false" bounds="[48,1010][1032,1011]" /><node index="8" text="Settings" resource-id="" class="android.widget.Button" package="com.f32.fit32" content-desc="" checkable="false" checked="false" clickable="true" enabled="true" focusable="true" focused="false" scrollable="false" long-clickable="false" password="false" selected="false" bounds="[48,1011][1032,1155]" /><node index="9" text="Help" resource-id="" class="android.widget.Button" package="com.f32.fit32" content-desc="" checkable="false" checked="false" clickable="true" enabled="true" focusable="true" focused="false" scrollable="false" long-clickable="false" password="false" selected="false" bounds="[48,1155][1032,1299]" /><node index="10" text="" resource-id="" class="android.view.View" package="com.f32.fit32" content-desc="" checkable="false" checked="false" clickable="false" enabled="true" focusable="false" focused="false" scrollable="false" long-clickable="false" password="false" selected="false" bounds="[48,1299][1032,1300]" /><node index="11" text='"Father, please forgive for these gains I&apos;m about to receive." - Dom Mazzetti.' resource-id="" class="android.widget.Button" package="com.f32.fit32" content-desc="" checkable="false" checked="false" clickable="true" enabled="true" focusable="true" focused="false" scrollable="false" long-clickable="false" password="false" selected="false" bounds="[48,1300][1032,1466]" /></node></node></node></node></node></node></node><node index="1" text="" resource-id="android:id/navigationBarBackground" class="android.view.View" package="com.f32.fit32" content-desc="" checkable="false" checked="false" clickable="false" enabled="true" focusable="false" focused="false" scrollable="false" long-clickable="false" password="false" selected="false" bounds="[0,0][0,0]" /></node></hierarchy>